targets: 137
[1/137] r2 block st=200 len=1872 src=body ref=false ended=false idOk=true 
[2/137] r4 blank st=200 len=1943 src=body ref=true ended=true idOk=true 
[3/137] r5 blank st=200 len=3099 src=body ref=false ended=false idOk=true 
[4/137] r6 blank st=200 len=204 src=body ref=false ended=false idOk=true 
[5/137] r7 blank st=200 len=627 src=body ref=true ended=true idOk=true 
[6/137] r8 blank st=200 len=2089 src=body ref=true ended=true idOk=true 
[7/137] r10 block st=200 len=807 src=body ref=true ended=true idOk=true 
[8/137] r11 block st=200 len=0 src=- ref=true ended=true idOk=true 
[9/137] r12 block st=200 len=473 src=body ref=true ended=true idOk=true 
[10/137] r20 block st=200 len=582 src=body ref=true ended=true idOk=true 
[11/137] r23 block st=200 len=334 src=body ref=true ended=true idOk=true 
[12/137] r24 block st=200 len=0 src=- ref=true ended=true idOk=true 
[13/137] r30 blank st=200 len=362 src=body ref=true ended=true idOk=true 
[14/137] r32 block st=200 len=996 src=body ref=true ended=true idOk=true 
[15/137] r33 block st=200 len=1060 src=body ref=true ended=true idOk=true 
[16/137] r34 block st=200 len=652 src=body ref=true ended=true idOk=true 
[17/137] r35 blank st=200 len=1889 src=body ref=true ended=true idOk=true 
[18/137] r36 block st=200 len=1119 src=body ref=true ended=true idOk=true 
[19/137] r38 block st=200 len=762 src=body ref=true ended=true idOk=true 
[20/137] r39 block st=200 len=735 src=body ref=true ended=true idOk=true 
[21/137] r43 block st=200 len=0 src=- ref=true ended=true idOk=true 
[22/137] r46 blank st=200 len=310 src=body ref=false ended=false idOk=true 
[23/137] r47 block st=200 len=212 src=body ref=true ended=true idOk=true 
[24/137] r60 blank st=200 len=0 src=- ref=true ended=true idOk=true 
[25/137] r62 blank st=200 len=1092 src=body ref=false ended=false idOk=true 
[26/137] r67 block st=200 len=6039 src=body ref=true ended=true idOk=true 
[27/137] r74 block st=200 len=196 src=body ref=true ended=true idOk=true 
[28/137] r78 blank st=200 len=962 src=body ref=false ended=false idOk=true 
[29/137] r80 blank st=null len=0 src=- ref=false ended=false idOk=false fetch failed
[30/137] r82 blank st=200 len=178 src=body ref=true ended=true idOk=true 
[31/137] r83 blank st=200 len=0 src=- ref=false ended=false idOk=false id-mismatch: discarded
[32/137] r84 blank st=200 len=780 src=body ref=true ended=true idOk=true 
[33/137] r87 block st=200 len=308 src=body ref=true ended=true idOk=true 
[34/137] r91 short st=200 len=53 src=body ref=true ended=true idOk=true 
[35/137] r96 block st=200 len=573 src=body ref=true ended=true idOk=true 
[36/137] r97 blank st=200 len=2332 src=body ref=false ended=false idOk=true 
[37/137] r99 blank st=200 len=1405 src=body ref=true ended=true idOk=true 
[38/137] r101 blank st=200 len=419 src=body ref=false ended=false idOk=true 
[39/137] r103 blank st=200 len=1911 src=body ref=true ended=true idOk=true 
[40/137] r106 block st=200 len=0 src=- ref=true ended=true idOk=true 
[41/137] r111 block st=200 len=764 src=body ref=true ended=true idOk=true 
[42/137] r113 block st=200 len=1221 src=body ref=true ended=true idOk=true 
[43/137] r119 block st=200 len=1016 src=body ref=true ended=true idOk=true 
[44/137] r124 block st=200 len=843 src=body ref=true ended=true idOk=true 
[45/137] r128 block st=200 len=479 src=body ref=true ended=true idOk=true 
[46/137] r129 block st=200 len=0 src=- ref=true ended=true idOk=true 
[47/137] r130 block st=200 len=207 src=body ref=true ended=true idOk=true 
[48/137] r135 block st=200 len=0 src=- ref=true ended=true idOk=true 
[49/137] r136 blank st=200 len=2605 src=body ref=true ended=true idOk=true 
[50/137] r139 block st=200 len=1350 src=body ref=true ended=true idOk=true 
[51/137] r142 blank st=200 len=1618 src=body ref=false ended=false idOk=true 
[52/137] r149 blank st=200 len=2442 src=body ref=true ended=true idOk=true 
[53/137] r153 block st=200 len=0 src=- ref=true ended=true idOk=true 
[54/137] r155 blank st=200 len=1711 src=body ref=false ended=false idOk=true 
[55/137] r156 block st=200 len=1048 src=body ref=true ended=true idOk=true 
[56/137] r157 blank st=200 len=662 src=body ref=true ended=true idOk=true 
[57/137] r166 block st=200 len=1315 src=body ref=true ended=true idOk=true 
[58/137] r170 blank st=200 len=859 src=body ref=false ended=false idOk=true 
[59/137] r174 blank st=200 len=972 src=body ref=false ended=false idOk=true 
[60/137] r175 block st=200 len=0 src=- ref=true ended=true idOk=true 
[61/137] r176 blank st=200 len=1216 src=body ref=true ended=true idOk=true 
[62/137] r178 block st=200 len=778 src=body ref=true ended=true idOk=true 
[63/137] r179 block st=200 len=1852 src=body ref=true ended=true idOk=true 
[64/137] r183 block st=200 len=1991 src=body ref=true ended=true idOk=true 
[65/137] r186 block st=200 len=1351 src=body ref=true ended=true idOk=true 
[66/137] r187 block st=200 len=1458 src=body ref=true ended=true idOk=true 
[67/137] r188 block st=200 len=0 src=- ref=true ended=true idOk=true 
[68/137] r189 blank st=200 len=409 src=body ref=true ended=true idOk=true 
[69/137] r192 block st=200 len=0 src=- ref=true ended=true idOk=true 
[70/137] r193 short st=200 len=386 src=body ref=true ended=true idOk=true 
[71/137] r201 block st=200 len=1907 src=body ref=true ended=true idOk=true 
[72/137] r207 blank st=200 len=870 src=body ref=false ended=false idOk=true 
[73/137] r208 block st=200 len=1048 src=body ref=true ended=true idOk=true 
[74/137] r211 blank st=200 len=0 src=- ref=true ended=true idOk=true 
[75/137] r215 blank st=200 len=0 src=- ref=true ended=true idOk=true 
[76/137] r219 block st=200 len=1869 src=body ref=true ended=true idOk=true 
[77/137] r221 block st=200 len=200 src=body ref=true ended=true idOk=true 
[78/137] r225 block st=200 len=0 src=- ref=true ended=true idOk=true 
[79/137] r227 blank st=200 len=612 src=body ref=true ended=true idOk=true 
[80/137] r229 block st=200 len=2402 src=body ref=true ended=true idOk=true 
[81/137] r234 block st=200 len=464 src=body ref=false ended=false idOk=true 
[82/137] r246 blank st=200 len=1835 src=body ref=false ended=false idOk=true 
[83/137] r249 block st=200 len=1774 src=body ref=true ended=true idOk=true 
[84/137] r251 block st=200 len=0 src=- ref=true ended=true idOk=true 
[85/137] r253 block st=200 len=698 src=body ref=true ended=true idOk=true 
[86/137] r255 block st=200 len=0 src=- ref=true ended=true idOk=true 
[87/137] r257 block st=200 len=829 src=body ref=true ended=true idOk=true 
[88/137] r259 blank st=200 len=2799 src=body ref=true ended=true idOk=true 
[89/137] r260 block st=200 len=619 src=body ref=true ended=true idOk=true 
[90/137] r267 block st=200 len=196 src=body ref=true ended=true idOk=true 
[91/137] r271 block st=200 len=0 src=- ref=true ended=true idOk=true 
[92/137] r272 blank st=200 len=1061 src=body ref=false ended=false idOk=true 
[93/137] r275 block st=200 len=3491 src=body ref=true ended=true idOk=true 
[94/137] r277 block st=200 len=0 src=- ref=true ended=true idOk=true 
[95/137] r282 blank st=200 len=2106 src=body ref=true ended=true idOk=true 
[96/137] r287 block st=200 len=0 src=- ref=true ended=true idOk=true 
[97/137] r289 block st=200 len=524 src=body ref=true ended=true idOk=true 
[98/137] r290 block st=200 len=0 src=- ref=true ended=true idOk=true 
[99/137] r291 blank st=200 len=1405 src=body ref=false ended=false idOk=true 
[100/137] r294 blank st=200 len=429 src=body ref=false ended=false idOk=true 
[101/137] r295 block st=200 len=2100 src=body ref=true ended=true idOk=true 
[102/137] r301 blank st=200 len=115 src=body ref=false ended=false idOk=true 
[103/137] r302 blank st=200 len=908 src=body ref=true ended=true idOk=true 
[104/137] r306 block st=200 len=1215 src=body ref=true ended=true idOk=true 
[105/137] r309 blank st=200 len=2096 src=body ref=true ended=true idOk=true 
[106/137] r313 block st=200 len=805 src=body ref=true ended=true idOk=true 
[107/137] r314 blank st=200 len=2244 src=body ref=true ended=true idOk=true 
[108/137] r315 blank st=200 len=104 src=body ref=true ended=true idOk=true 
[109/137] r318 block st=200 len=996 src=body ref=true ended=true idOk=true 
[110/137] r324 block st=200 len=308 src=body ref=true ended=true idOk=true 
[111/137] r325 block st=200 len=7065 src=body ref=false ended=false idOk=true 
[112/137] r327 block st=200 len=212 src=body ref=true ended=true idOk=true 
[113/137] r332 block st=200 len=1435 src=body ref=true ended=true idOk=true 
[114/137] r336 block st=200 len=200 src=jsonld ref=false ended=true idOk=true 
[115/137] r341 blank st=200 len=2332 src=body ref=false ended=false idOk=true 
[116/137] r342 block st=200 len=2603 src=body ref=true ended=true idOk=true 
[117/137] r343 block st=200 len=0 src=- ref=true ended=true idOk=true 
[118/137] r344 blank st=200 len=0 src=- ref=false ended=false idOk=false id-mismatch: discarded
[119/137] r345 block st=200 len=1071 src=body ref=true ended=true idOk=true 
[120/137] r348 block st=200 len=1114 src=body ref=true ended=true idOk=true 
[121/137] r351 blank st=200 len=741 src=body ref=true ended=true idOk=true 
[122/137] r352 block st=200 len=846 src=body ref=true ended=true idOk=true 
[123/137] r354 blank st=200 len=1092 src=body ref=false ended=false idOk=true 
[124/137] r358 block st=200 len=1234 src=body ref=true ended=true idOk=true 
[125/137] r363 blank st=200 len=809 src=body ref=true ended=true idOk=true 
[126/137] r365 block st=200 len=710 src=body ref=true ended=true idOk=true 
[127/137] r369 block st=200 len=0 src=- ref=true ended=true idOk=false id-mismatch: discarded
[128/137] r378 block st=200 len=620 src=body ref=true ended=true idOk=true 
[129/137] r379 blank st=200 len=780 src=body ref=true ended=true idOk=true 
[130/137] r382 blank st=200 len=565 src=body ref=true ended=true idOk=true 
[131/137] r383 blank st=200 len=940 src=body ref=false ended=false idOk=true 
[132/137] r384 blank st=200 len=2605 src=body ref=true ended=true idOk=true 
[133/137] r389 block st=200 len=0 src=- ref=true ended=true idOk=true 
[134/137] r392 block st=200 len=204 src=body ref=true ended=true idOk=true 
[135/137] r393 block st=200 len=866 src=body ref=true ended=true idOk=true 
[136/137] r397 blank st=200 len=736 src=body ref=true ended=true idOk=true 
[137/137] r398 block st=200 len=772 src=body ref=true ended=true idOk=true 

wrote C:\NA + Learning\NLAP\models\sectioning\deck\allevents_backfill_2026-07-27.json (137 records)
